============================================================
 INICIANDO VERIFICAES COMPLETAS DA API SIP
============================================================
 Testando conexo com o servidor...
 Servidor respondendo corretamente
 Testando cadastro de usurio...
 Usurio j existe, tentando login...
 Testando login...
 Login realizado com sucesso
 Testando CRUD de pedidos...
 Pedido criado com sucesso
 Pedidos listados com sucesso
 Pedido obtido com sucesso
 Pedido atualizado com sucesso
 Testando CRUD de oramentos...
 Oramento criado com sucesso
 Testando CRUD de suporte...
 Chamado criado com sucesso
 Testando contato...
 Mensagem de contato enviada com sucesso
 Testando notificaes...
 Notificaes listadas com sucesso
 Testando classificador de suporte...
 Classificador funcionando
 Testando recomendador de servios...
 Recomendador funcionando
 Testando estimador de oramento...
 Estimador funcionando
 Testando status dos modelos ML...
 Status dos modelos OK

============================================================
 RELATRIO FINAL DE VERIFICAES
============================================================
 Testes executados: 14
 Testes passaram: 14
 Testes falharam: 0
 Taxa de sucesso: 100.0% - EXCELENTE!

============================================================
